
> byeharu-voyage@0.0.0 build
> tsc -b && vite build

[36mvite v8.2.1 [32mbuilding client environment for production...[36m[39m
[plugin byeharu:world-image] world image: building from 82 migration(s), chain c8d6296448e00a7f-82-a730c3
[plugin byeharu:world-image]   applying 1/82: 20260818000001_the_world_is_read_only_to_everyone_but_the_server.sql
[plugin byeharu:world-image]   applying 11/82: 20260818000011_a_captain_signs_the_book.sql
[plugin byeharu:world-image]   applying 21/82: 20260818000021_a_fleet_of_eight_and_an_order_said_in_one_breath.sql
[plugin byeharu:world-image]   applying 31/82: 20260818000031_a_secret_printed_in_a_book_is_not_a_secret.sql
[plugin byeharu:world-image]   applying 41/82: 20260818000046_the_water_knows_the_way.sql
[plugin byeharu:world-image]   applying 51/82: 20260818000057_the_record_keeps_only_what_the_disk_can_afford.sql
[plugin byeharu:world-image]   applying 61/82: 20260818000068_a_fitting_is_made_not_found.sql
[plugin byeharu:world-image]   applying 71/82: 20260818000078_the_chain_does_not_race_its_own_clock.sql
[plugin byeharu:world-image]   applying 81/82: 20260818000090_the_pacific_coast_of_the_americas_has_cities.sql
[plugin byeharu:world-image]   applying 82/82: 20260818000091_the_water_reaches_the_new_harbours.sql
[plugin byeharu:world-image] world-guard ok: the applied world EQUALS data/*.json — 238 harbours, 555 goods, 1348 offers, 14 sea places, 132090 market rows (positive control: a planted dropped-harbour and bent-good-value were both seen)
[plugin byeharu:world-image] world image: chain applied in 560.3 s; 120.92 MB dumped, 57.89 MB after the log trim, 8.70 MB gzipped
[plugin byeharu:world-image] world-guard ok: the applied world EQUALS data/*.json — 238 harbours, 555 goods, 1348 offers, 14 sea places, 132090 market rows (positive control: a planted dropped-harbour and bent-good-value were both seen)
[plugin byeharu:world-image] world image: certified — 252 port row(s), 555 good(s), 132090 market row(s), chain c8d6296448e00a7f-82-a730c3
[plugin byeharu:world-image] world image: node_modules\.cache\byeharu-world-image\world-c8d6296448e00a7f-82-a730c3.tar.gz (8.70 MB)
[2Ktransforming...✓ 380 modules transformed.
rendering chunks...
computing gzip size...
dist/index.html                                                      1.50 kB │ gzip:     0.76 kB
dist/assets/jetbrains-mono-greek-400-normal-C190GLew.woff2           4.22 kB
dist/assets/jetbrains-mono-greek-500-normal-JpySY46c.woff2           4.28 kB
dist/assets/inter-vietnamese-400-normal-DMkecbls.woff2               4.97 kB
dist/assets/inter-vietnamese-600-normal-Cc8MFFhd.woff2               5.10 kB
dist/assets/inter-vietnamese-500-normal-DOriooB6.woff2               5.11 kB
dist/assets/inter-greek-ext-400-normal-DGGRlc-M.woff2                5.26 kB
dist/assets/jetbrains-mono-cyrillic-400-normal-BEIGL1Tu.woff2        5.32 kB
dist/assets/jetbrains-mono-cyrillic-500-normal-DmUKJPL_.woff2        5.35 kB
dist/assets/jetbrains-mono-vietnamese-400-normal-CqNFfHCs.woff       5.37 kB
dist/assets/inter-greek-ext-500-normal-C4iEst2y.woff2                5.42 kB
dist/assets/inter-greek-ext-600-normal-DRtmH8MT.woff2                5.43 kB
dist/assets/jetbrains-mono-vietnamese-500-normal-DNRqzVM1.woff       5.47 kB
dist/assets/jetbrains-mono-greek-400-normal-B9oWc5Lo.woff            5.66 kB
dist/assets/jetbrains-mono-greek-500-normal-D7SFKleX.woff            5.72 kB
dist/assets/inter-vietnamese-400-normal-Bbgyi5SW.woff                6.50 kB
dist/assets/inter-vietnamese-500-normal-mJboJaSs.woff                6.59 kB
dist/assets/inter-vietnamese-600-normal-BuLX-rYi.woff                6.64 kB
dist/assets/jetbrains-mono-cyrillic-400-normal-ugxPyKxw.woff         6.97 kB
dist/assets/jetbrains-mono-cyrillic-500-normal-DJqRU3vO.woff         7.02 kB
dist/assets/inter-greek-ext-400-normal-KugGGMne.woff                 7.06 kB
dist/assets/inter-greek-ext-500-normal-2j5mBUwD.woff                 7.19 kB
dist/assets/inter-greek-ext-600-normal-B8X0CLgF.woff                 7.21 kB
dist/assets/jetbrains-mono-latin-ext-400-normal-Bc8Ftmh3.woff2       7.33 kB
dist/assets/jetbrains-mono-latin-ext-500-normal-Cut-4mMH.woff2       7.52 kB
dist/assets/inter-cyrillic-400-normal-obahsSVq.woff2                 7.71 kB
dist/assets/inter-greek-400-normal-B4URO6DV.woff2                    7.77 kB
dist/assets/inter-cyrillic-500-normal-BasfLYem.woff2                 7.90 kB
dist/assets/inter-greek-500-normal-BIZE56-Y.woff2                    7.92 kB
dist/assets/inter-greek-600-normal-plRanbMR.woff2                    7.94 kB
dist/assets/inter-cyrillic-600-normal-CWCymEST.woff2                 7.97 kB
dist/assets/inter-cyrillic-400-normal-HOLc17fK.woff                  9.78 kB
dist/assets/inter-greek-400-normal-q2sYcFCs.woff                     9.92 kB
dist/assets/inter-cyrillic-600-normal-4D_pXhcN.woff                  9.93 kB
dist/assets/inter-cyrillic-500-normal-CxZf_p3X.woff                  9.94 kB
dist/assets/inter-greek-500-normal-Xzm54t5V.woff                     9.98 kB
dist/assets/inter-greek-600-normal-BZpKdvQh.woff                    10.03 kB
dist/assets/jetbrains-mono-latin-ext-400-normal-fXTG6kC5.woff       10.12 kB
dist/assets/inter-cyrillic-ext-400-normal-BQZuk6qB.woff2            10.23 kB
dist/assets/jetbrains-mono-latin-ext-500-normal-ckzbgY84.woff       10.33 kB
dist/assets/inter-cyrillic-ext-500-normal-B0yAr1jD.woff2            10.43 kB
dist/assets/inter-cyrillic-ext-600-normal-Dfes3d0z.woff2            10.48 kB
dist/assets/inter-cyrillic-ext-400-normal-DQukG94-.woff             13.33 kB
dist/assets/inter-cyrillic-ext-500-normal-BmqWE9Dz.woff             13.45 kB
dist/assets/inter-cyrillic-ext-600-normal-Bcila6Z-.woff             13.46 kB
dist/assets/jetbrains-mono-latin-400-normal-V6pRDFza.woff2          21.16 kB
dist/assets/jetbrains-mono-latin-500-normal-BWZEU5yA.woff2          21.83 kB
dist/assets/inter-latin-400-normal-C38fXH4l.woff2                   23.66 kB
dist/assets/inter-latin-500-normal-Cerq10X2.woff2                   24.27 kB
dist/assets/inter-latin-600-normal-LgqL8muc.woff2                   24.45 kB
dist/assets/jetbrains-mono-latin-400-normal-6-qcROiO.woff           27.49 kB
dist/assets/jetbrains-mono-latin-500-normal-CJOVTJB7.woff           28.20 kB
dist/assets/inter-latin-400-normal-CyCys3Eg.woff                    30.69 kB
dist/assets/inter-latin-600-normal-CiBQ2DWP.woff                    31.26 kB
dist/assets/inter-latin-500-normal-BL9OpVg8.woff                    31.28 kB
dist/assets/inter-latin-ext-400-normal-C1nco2VV.woff2               35.00 kB
dist/assets/inter-latin-ext-500-normal-CV4jyFjo.woff2               36.02 kB
dist/assets/inter-latin-ext-600-normal-D2bJ5OIk.woff2               36.26 kB
dist/assets/inter-latin-ext-400-normal-77YHD8bZ.woff                47.56 kB
dist/assets/inter-latin-ext-500-normal-BxGbmqWO.woff                48.49 kB
dist/assets/inter-latin-ext-600-normal-CIVaiw4L.woff                48.66 kB
dist/assets/world-110m-DNuhzQZG.json                               280.37 kB │ gzip:    99.51 kB
dist/assets/initdb-D0MRRSih.wasm                                   395.05 kB │ gzip:   148.11 kB
dist/assets/pglite-CY5zdaUl.data                                 6,293.22 kB
dist/db/world-c8d6296448e00a7f-82-a730c3.tar.gz                  9,117.91 kB
dist/assets/pglite-Dvh6EH3w.wasm                                10,087.56 kB │ gzip: 3,471.66 kB
dist/assets/index-DT8fmZit.css                                     140.85 kB │ gzip:    35.01 kB
dist/assets/__vite-browser-external-CD5wRh2q.js                      0.10 kB │ gzip:     0.10 kB
dist/assets/nodefs-MbouJMNQ.js                                       0.52 kB │ gzip:     0.36 kB
dist/assets/opfs-ahp-BrB-oXxV.js                                    10.00 kB │ gzip:     3.01 kB
dist/assets/seaNames-B0etf8T7.js                                    10.34 kB │ gzip:     4.02 kB
dist/assets/backdrop-DT-lIYwq.js                                   134.38 kB │ gzip:    38.02 kB
dist/assets/index-COCM7ocV.js                                      459.67 kB │ gzip:   144.79 kB
dist/assets/dist-JA-Ec4bY.js                                       601.77 kB │ gzip:   138.95 kB
dist/assets/db-BQMcDiHs.js                                      11,126.83 kB │ gzip: 2,803.37 kB

[33m[33m[EVAL] [0mUse of direct `eval` function is strongly discouraged as it poses security risks and may cause issues with minification.
 - Use of direct `eval` here. in ../../../node_modules/@electric-sql/pglite/dist/index.js at 88708..88712
 [38;5;240m │[0m 
 [38;5;240m │[0m [38;5;115mHelp[0m: Consider using indirect eval. For more information, check the documentation: https://rolldown.rs/guide/troubleshooting#avoiding-direct-eval
[39m
[33m[plugin builtin:vite-reporter] 
(!) Some chunks are larger than 500 kB after minification. Consider:
- Using dynamic import() to code-split the application
- Use build.rolldownOptions.output.codeSplitting to improve chunking: https://rolldown.rs/reference/OutputOptions.codeSplitting
- Adjust chunk size limit for this warning via build.chunkSizeWarningLimit.[39m
[33m[33m[EVAL] [0mUse of direct `eval` function is strongly discouraged as it poses security risks and may cause issues with minification.
 - Use of direct `eval` here. in ../../../node_modules/@electric-sql/pglite/dist/index.js at 89186..89190
 [38;5;240m │[0m 
 [38;5;240m │[0m [38;5;115mHelp[0m: Consider using indirect eval. For more information, check the documentation: https://rolldown.rs/guide/troubleshooting#avoiding-direct-eval
[39m
[33m[33m[EVAL] [0mUse of direct `eval` function is strongly discouraged as it poses security risks and may cause issues with minification.
 - Use of direct `eval` here. in ../../../node_modules/@electric-sql/pglite/dist/chunk-TDKVRJ2S.js at 26312..26316
 [38;5;240m │[0m 
 [38;5;240m │[0m [38;5;115mHelp[0m: Consider using indirect eval. For more information, check the documentation: https://rolldown.rs/guide/troubleshooting#avoiding-direct-eval
[39m
[33m[33m[EVAL] [0mUse of direct `eval` function is strongly discouraged as it poses security risks and may cause issues with minification.
 - Use of direct `eval` here. in ../../../node_modules/@electric-sql/pglite/dist/chunk-TDKVRJ2S.js at 26790..26794
 [38;5;240m │[0m 
 [38;5;240m │[0m [38;5;115mHelp[0m: Consider using indirect eval. For more information, check the documentation: https://rolldown.rs/guide/troubleshooting#avoiding-direct-eval
[39m
[33m[33m[INEFFECTIVE_DYNAMIC_IMPORT] [0msrc/lib/supabase.ts is dynamically imported by src/lib/rpc/init.ts but also statically imported by src/store/authStore.ts, dynamic import will not move module into another chunk.
[39m
[33m[33m[INEFFECTIVE_DYNAMIC_IMPORT] [0msrc/lib/rpc/localBackend.ts is dynamically imported by src/lib/rpc/init.ts but also statically imported by src/lib/rpc/index.ts, dynamic import will not move module into another chunk.
[39m
[32m✓ built in 9m 29s[39m
[33m[33m[PLUGIN_TIMINGS] [0mYour build spent 100% of 568.9s inside plugin hooks (568.4s).
Measured inside the callback, so queue time is excluded and time the callback itself awaited is not:
  - byeharu:world-image buildStart (99%, 565.2s, 1 call)
  - @tailwindcss/vite:generate:build transform (1%, 2.9s, 6 calls)
  - vite:asset-import-meta-url transform (1%, 2.9s, 2 calls)
Those rows are 100% of the build; the rest of the 100% is below.
Not measurable — 2 hooks whose calls overlap, so elapsed time covers work other calls were doing. Profile with `node --cpu-prof`:
  - vite:asset load (85 calls)
  - vite:css transform (6 calls)
See https://rolldown.rs/reference/InputOptions.checks#plugintimings for more details.
[39m
exit 0
