
> byeharu-voyage@0.0.0 db:proof
> node scripts/db/proof.mjs

chain: 82 migration(s) applied, 82 self-assert receipt(s)
world-guard ok: the applied world EQUALS data/*.json — 238 harbours, 555 goods, 1348 offers, 14 sea places, 132090 market rows (positive control: a planted dropped-harbour and bent-good-value were both seen)
proof-courses: fixture installed — 4289 course(s), LIS↔CAD spot-checked
market-fixture: proof.pin_market installed — probe redrew 132090 row(s), 2960 distinct drift value(s), sd 0.045762 (rolled back)
proofs: 10 file(s) in scripts/db/proofs/

✓ 01_offline_equivalence.sql  — 6/6 PASS markers
    PASS: OFFLINE_EQUIV_HAZARD_PRESENT — voyage 14d7e1c3-b0f0-4bb8-8729-b56c9814c982 over 11 voyage-days carries 1 hazard day(s) (found on attempt 5)
    PASS: OFFLINE_EQUIV_SAME_ROW_COUNT — both settlements resolved 13 checkpoint(s)
    PASS: OFFLINE_EQUIV_IDENTICAL_BYTES — 1401 characters of (day_index, kind, payload, resolved_at) match exactly
    PASS: OFFLINE_EQUIV_SAME_PURSE — both runs ended on 7821 ducats after wages and hazards
    PASS: OFFLINE_EQUIV_SAME_ETA — both runs put the arrival at 2026-09-14 05:42:24.762743+09 (departed 2026-09-14 05:40:34.451+09)
    PASS: OFFLINE_EQUIV_ENCOUNTER — the per-sea mix (0055, LIT by 0059 and now voyage.hazard_roll's own body) answers identically over all 11 voyage-day(s) of both settlements, 1 of them carrying an encounter

✓ 02_ledger_reconciliation.sql  — 6/6 PASS markers
    PASS: LEDGER_SOAK_ORDERS_ISSUED — 500 randomised orders across 3 houses
    PASS: LEDGER_SOAK_MIXED_OUTCOMES — 395 succeeded, 105 were refused
    PASS: LEDGER_SOAK_MONEY_MOVED — 417 ledger rows: 382 debits, 35 credits
    PASS: LEDGER_SOAK_RECONCILES — all 3 houses: purse = Σ ledger.ducats_delta exactly (purses 6022, 6094, 6087)
    PASS: LEDGER_SOAK_SAILING_INVARIANT — 16 fleet(s) and 0 SAILING voyage(s) agree
    PASS: LEDGER_SOAK_CHECK_BITES — a single unbacked ducat was caught, so the reconciliation above is a real check

✓ 03_grant_lockdown.sql  — 12/12 PASS markers
    PASS: GRANT_LOCKDOWN_PROBE_PROVES_QUERY — the query reported all 3 deliberately granted writes, so its zero below means something
    PASS: GRANT_LOCKDOWN_NO_WRITE_GRANTS — 0 write grants for anon/authenticated/PUBLIC across public, world, cmd, voyage
    PASS: GRANT_LOCKDOWN_ANON_DENIED — anon INSERT refused with SQLSTATE 42501 on all 45 tables in public
    PASS: GRANT_LOCKDOWN_AUTHENTICATED_DENIED — authenticated INSERT refused with SQLSTATE 42501 on all 45 tables in public
    PASS: GRANT_LOCKDOWN_SECRET_UNREADABLE — neither anon nor authenticated may SELECT world_config (42501)
    PASS: GRANT_LOCKDOWN_RLS_ON_EVERY_TABLE — row level security is enabled on all 45 tables in public
    PASS: GRANT_LOCKDOWN_SERVICE_ROLE_RETAINED — the server still writes: a house was founded with 8000 ducats
    PASS: GRANT_LOCKDOWN_CHAIN_OWNS_EVERYTHING — all 239 object(s) in public/world/cmd/voyage are owned by postgres, so none can have inherited a foreign grantor's default privileges (the scan proved it discriminates by finding 239 not owned by anon)
    PASS: GRANT_LOCKDOWN_ANON_CANNOT_EXECUTE — anon was refused with SQLSTATE 42501 on all 53 callable SECURITY DEFINER writers with USAGE on all four schemas deliberately granted first, so the refusal is the FUNCTION grant and not the schema door (3 trigger body/bodies excluded, unreachable as a statement in any case); authenticated still reached cmd.issue, so this is a lockdown and not an outage; and client_executable_writers() is empty across all four schemas
    PASS: GRANT_LOCKDOWN_NO_CALLER_GAPS — 0 policy bodies, CHECK constraints, column defaults, generated columns or index expressions call a function the evaluating client role may not execute; the positive control (a CHECK built on purpose to be unreachable) WAS reported, so the zero is a finding and not a blind spot
    PASS: GRANT_LOCKDOWN_CLIENT_READS_OWN — `authenticated` did a plain SELECT on all 12 RLS-protected private table(s) whose policy calls current_player_id, with no 42501; the write wall above and this read wall are now both tested by DOING, not by reading a catalogue
    PASS: GRANT_LOCKDOWN_RLS_ISOLATES — on all 9 table(s) house A saw EXACTLY the rows it owns and ZERO of house B's, with a third house also present in this transaction to make sure the rule is about ownership and not about arithmetic; with RLS off A would have seen every row of all three

✓ 04_first_session.sql  — 9/9 PASS markers
    PASS: FIRST_SESSION_OPENS — Casa de Aveiro, one Barca "Gaivota" docked at Lisboa, 8000 ducats
    PASS: FIRST_SESSION_READS_MARKET — Lisboa prices the 10 good(s) it TRADES (of 555 in the catalogue), and the quay names silk-cloth for Funchal — 505 nm out, a quoted margin of 1417 d.; it mids at 525.0 here and 722.8 there, which is the gradient itself rather than an index of it
    PASS: FIRST_SESSION_OVERSIZED_REFUSED — "BUY silk-cloth 56" → E_HOLD_FULL: "more Silk Cloth than the hold will take" with 2 fix(es)
    PASS: FIRST_SESSION_BUYS_CARGO — 10 tuns of silk-cloth aboard at 546.05 d./tun, 5461 d. total, purse 7925 → 2464 (the quay offered 10 tuns and 10 is what she took)
    PASS: FIRST_SESSION_SAILS — 505 nm to Funchal at 4.250 kn (rated 5.00, laden), 4.95 voyage-days, ETA 0.74 real minutes
    PASS: FIRST_SESSION_QUEUES_AHEAD — 3 orders queued while Gaivota is at sea (SELL silk-cloth ALL · BUY wine 20 · SAIL TO Lisboa)
    PASS: FIRST_SESSION_RUNS_UNATTENDED — every order completed with no tick and nobody watching; Gaivota is docked at Lisboa carrying 20 tuns of wine
    PASS: FIRST_SESSION_REPORT_IS_PROSE — "Day 1. A quiet watch; nothing to report." (9 ledger entries, purse reconciles)
    PASS: FIRST_SESSION_HOME_RICHER — started 7925 d.; bought silk-cloth at Lisboa, sold it at Funchal, brought wine home and sold it for 2262 d.; the round trip cost 163 d. in wages and stores and still returned +1489 d. on a 7925 d. stake, a return of 18.79 per cent

✓ 05_first_voyage_balance.sql  — 5/5 PASS markers
    PASS: BALANCE_EVERY_PORT_HAS_A_TRADE — all 32 (port, market) pair(s) — 8 sampled port(s) on 3 drawn market(s) plus the flat control — offer a first voyage that pays, and the quay names it
    PASS: BALANCE_MEDIAN_IN_BAND — the median first voyage returns 19.2 per cent of the stake (band 13.0-20.0), worst 9.6, best 24.4, over 24 observation(s): 8 sampled port(s) on 3 market(s) drawn from the settled drift law, with per-market medians {16.3,20.0,19.2}. Measured through world.trade_routes, which is what the player is shown, and UNHAGGLED — a bargain at the cap adds a further 2.7 (proof 06)
    PASS: BALANCE_GRADIENT_IN_BAND — with the clock's noise taken out the median first voyage returns 8.8 per cent of the stake, inside the designed band 4.0-16.0; the settled drift the game runs on takes the same measurement to 19.2 per cent, a multiple of 2.19. The noise is most of the number, and no affinity knob touches it — the lever is drift_sigma/drift_theta (0001)
    PASS: BALANCE_DISTANCE_PAYS — split at the offered routes' own median of 1409.0 nm: the 41 farther route(s) return 14.30 per cent of the stake against 13.53 per cent for the 38 nearer
    PASS: BALANCE_QUAY_FINDS_THE_BEST — at ALE an exhaustive scan of 100 (good, destination) pairs found 1217 d. at best (mumia to IZM), and world.trade_routes' shortlist found 1217 d. — the cheap stage costs the player nothing

✓ 06_haggle.sql  — 10/10 PASS markers
    PASS: HAGGLE_OPT_IN_IS_INERT — 250 (port, good) pairs priced by mid x (1 + tax + spread/2) and mid x (1 - spread/2) x (1 - tax), recomputed from world.spread/tax/mid_price without touching 0022's path, and world.spread_effective(port, good, NULL) equals world.spread on every one
    PASS: HAGGLE_MOVES_THE_ASK — one won bargain on abaca took the executed spread from 0.0200000000000000000000 to 0.0150000000000000000000000000000000000000000000 (a cut of 25.0 per cent of the port's cut, worth 0.2500 per cent off the ask), while world.price() still publishes mid 123.0862, ask 128.01, bid 118.20 to everyone — the port's cut moved and the world's price did not
    PASS: HAGGLE_CAP_BITES — 21 consecutive certain wins (a step of 0.25 each, which would have summed to 5.2500) stopped dead at the cap of 0.75, and the executed spread with it
    PASS: HAGGLE_FLOOR_BITES — a purser at the 25 per cent cap and a bargain at its 0.75 cap would have multiplied the port's spread down to 0.00375000000000000000000000000000000000000000, and the floor held it at 0.004000000000000000000000 (0.20 of the published 0.0200000000000000000000) — the quay keeps more than half its living whatever stacks
    PASS: HAGGLE_ATTEMPTS_ARE_FINITE — 3 attempts, 3 won, and the 3 + 1 th refused E_HAGGLE_SPENT with 3 fix(es); the counter advanced on refusals as well as wins
    PASS: HAGGLE_NO_RETRY_REROLLS — all 3 outcome(s) were PREDICTED from voyage.rng before they were played and every one matched, on 3 distinct draws; the attempt index is written before the draw is taken, so there is no ordering of calls that re-rolls one
    PASS: HAGGLE_ODDS_ARE_HONEST — 885 of 2000 fixed-key draws landed under an advertised chance of 0.45 (a measured rate of 0.4425), against an expectation of 900.0 +/- 100.1 at 4.5 sigma; the keys are fixed, so this figure is the same on every run and a red here is a real skew and never a bad night
    PASS: HAGGLE_IS_WORTH_DOING — a bargain at the cap is worth 2.774 per cent of the stake over a round trip, measured across all 252 ports (average published spread 0.0370), which is 21 per cent of a median 13 per cent voyage and inside the 2.0-3.5 band; 3 attempts x a step of 0.25 lands EXACTLY on the cap of 0.75 so no tap is wasted; and the floor of 0.20 clips a fully officered stack (0.1875) while leaving the mechanic alone unclipped at 0.25
    PASS: HAGGLE_CLIENT_PATH — as `authenticated`, world.haggle_state read 3 attempts and cmd.haggle spent one and the read saw it; public.haggle_odds and world.spread_effective were both REFUSED with 42501, so the folds stayed on the server; and RLS showed the house EXACTLY its own 1 bargain row and none of anybody else's — an assertion this file could not make until 0023 repaired the policy grant that 0018 had swept away, a defect this proof is where it was found
    PASS: HAGGLE_SELL_SIDE_MOVES_THE_BID — with 10 of anise on board, one certain SELL-side win took what the quay pays this house from 808 to 810 (80.82 -> 81.03 each), haggle_saved 2.10 against a move of 2; the mid part unchanged at 841.65, the spread part 8.42 -> 6.31, the tax part 25.00 -> 25.06 (levied on what is left after the cut, G.1), while world.price() still publishes bid 80.82 to everyone

✓ 07_standing_provision.sql  — 6/6 PASS markers
    PASS: PRESET_CLIENT_PATH — as authenticated: the book reads its own 2 orders (cap 6, no neighbour's rows by RLS or by payload), save/apply answered, and the executor was refused 42501
    PASS: PRESET_CAP_BITES — the 6 cap refused the next order through the client door ("the book is full at 6 standing orders")
    PASS: PRESET_TAKES_ROOM — twins home from one voyage: the 40-day fleet holds 48.8 t free against her sister's 56.6 t — a 7.84 t gap of hold, equal to the digit to their gap in stores; the deep order landed at exactly 40 days x 8 crew x 0.035 t/day while the sister, still above her 10-day mark, bought nothing
    PASS: PRESET_EDIT_MOVES_EVERY_FLEET — 'Long haul' edited once 40 -> 45 with two fleets attached and NO re-apply: both arrived provisioned to 45.0 and 45.0 days
    PASS: PRESET_CREW_AT_FIRE_TIME — the same 45-day order bought 2.24 t at 8 crew and 21.00 t after signing to 20 crew, the range landing on target both times
    PASS: PRESET_REFUSED_IS_WRITTEN — with 1 d. in the purse the arrival wrote PROVISION_REFUSED ("the purse will not cover the stores"), served by world.ledger(), and bought nothing

✓ 08_the_sea_answers.sql  — 6/6 PASS markers
    PASS: SEA_TOTAL_AT_EVERY_PORT — all 252 ports resolve within 8 rings
    PASS: SEA_STRICT_ON_LAND — the Sahara and central France answer NULL
    PASS: SEA_NAMES_REAL_WATERS — six waters from the Channel to the Sea of Japan answer by name
    PASS: SEA_AT_READS_THE_RASTER — one poked byte moved mid-Atlantic into the Baltic (rolled back)
    PASS: SEA_WALL_HOLDS — no client role can execute sea_at or select sea_cells
    PASS: REACH_TOTAL_AT_EVERY_PORT — all 252 ports carry a roadstead and a reach row naming the other 251

✓ 09_the_fleet_never_touches_land.sql  — 4/4 PASS markers
    PASS: ARCTIC_IS_CLOSED — Lisbon→Nagasaki is served at 13024.6 nm round the Cape, its course never above 38.625°N (the leg graph served 7,565 nm over the pole at 88.6°N)
    PASS: NEVER_TOUCH_LAND_WALKED — 2 stored course(s) walked at sub-cell intervals, every sample open water (0 legacy-converted skipped and said so)
    PASS: NEVER_TOUCH_LAND_BITES — the planted straight-across-Iberia voyage was refused: LAND GUARD: voyage c69d2634-d8ae-4438-80bd-a568f32419ce (LIS -> BAR) fails the water law: E_LAND: the course touches land near 38.85°, -8.53° (segment 0)
    PASS: INLAND_APPROACH_HONEST — Bristol is reached from (51.450, -2.600), 0.0 nm off her quay, and lies 907.6 nm by sea from Lisbon — the approach is published and NOT sailed
    PASS: INLAND_APPROACH_HONEST — Hanoi is reached from (20.375, 106.625), 58.7 nm off her quay, and lies 12036.9 nm by sea from Lisbon — the approach is published and NOT sailed
    PASS: INLAND_APPROACH_HONEST — Suez is reached from (29.900, 32.600), 5.6 nm off her quay, and lies 10403.4 nm by sea from Lisbon — the approach is published and NOT sailed
    PASS: INLAND_APPROACH_HONEST — 189 place(s) lie off their own water (worst 67.68 nm) and NO keel crosses one: the proposed LIS->PAT passage is open water end to end under a flat 25 nm allowance with no snap exemption, and the voyage actually sailed ran from the Lisbon roads to the Cadiz roads

✓ 10_manifest.sql  — 10/10 PASS markers
    PASS: MANIFEST_PREVIEW_MOVES_NOTHING — at LIS a preview of [SELL anise 5, BUY iron 10] answered 2 lines (net -129 d.) and left the purse at 6956, 12 / 0 t aboard, 2 events, the quay's stock and the day's volume exactly where they were
    PASS: MANIFEST_LINES_ARE_THE_VERBS — the SELL line (total 405, avg 80.95, profit -30, mid 421.46, tax 12.52, spread 4.21) and the BUY line (total 534, avg 53.44, mid 513.82, tax 15.41, spread 5.14) equal cmd.preview's SELL and BUY of the same orders to the hundredth
    PASS: MANIFEST_SELLS_FUND_BUYS — with 533 d. in the purse, BUY iron 10 (534 d.) alone was E_INSUFFICIENT_FUNDS (have 533.0, need 534.0, ducats); [SELL anise 5, BUY iron 10] on one manifest landed, the sale's 405 d. arriving first, and the purse closed at 404 d.
    PASS: MANIFEST_RECEIPT_IS_THE_LEDGER — the SOLD and BOUGHT events carry the two lines' qty / total / profit / mid / tax / spread exactly, the ledger ran 533 -> 938 -> 404 (sale first, purchase last), Σ of the two rows is the receipt's net -129 and the purse read back is purse.after 404; tick_reconcile agrees
    PASS: MANIFEST_XP_IS_HONEST — trading 10 -> 19 (+9, level 1) on the receipt is public.player_progress's reading, and world.player().levels.trading.points reads the same 19
    PASS: MANIFEST_IS_ATOMIC — [SELL anise 3, BUY iron 57] was refused E_HOLD_FULL on line 1 and the sale on line 0 was unwound with it: purse 404, 7 t of anise aboard, 5 events, stock, volume and version 2 all unchanged; the same two verbs run without the savepoint left 4 t aboard (the defect, thrown away)
    PASS: MANIFEST_ONE_LINE_PER_GOOD — [BUY iron 2, SELL iron 1] is E_MANIFEST_DUPLICATE at line 1 ("Iron appears twice; one line per good"); [] is E_MANIFEST_EMPTY with no line; a side of 'swap' is E_MANIFEST_LINE at line 1; an unknown code is E_NO_SUCH_GOOD at line 0; half a tun is E_MANIFEST_LINE at line 0 (whole tuns only); purse, events and version untouched by all five
    PASS: MANIFEST_BREAKDOWN_ADDS_UP — BUY 513.82 + 15.41 + 5.14 ~ 534 and SELL 421.46 - 12.52 - 4.21 ~ 405 within the unit rounding, both with 0 saved; after cmd.haggle WON a concession of 0.25 on wool-cloth, a previewed BUY 10 shows haggle_saved 1.90 d. against the unbargained 779 d. quote (line total 777), and the receipt's totals carry the same figure
    PASS: MANIFEST_VERSION_GUARD — version 1 against a fleet at 2 is E_STALE (envelope names version 2); at 2 the manifest landed and the fleet is at 3; the refused manifest of marker 4 left the version where it was
    PASS: MANIFEST_CLIENT_PATH — as authenticated, preview_basket answered and trade_basket landed a SELL (version 3 -> 4); another house's fleet was E_NO_SUCH_FLEET at BOTH doors (one code for one screen); cmd.run_manifest was refused 42501; as anon (schema door opened first) trade_basket, preview_basket and run_manifest were all 42501

═══════════════════════════════════════════════════════════════════════
PROOFS PASSED: 10 file(s), 74/74 PASS markers seen
═══════════════════════════════════════════════════════════════════════
exit 0
